  Boss_IceHound.cpp
E:\p\DontStarve_WinAPI\DontStarve_WinApi\DontStarve_Client\02_GameObject\Item\Tool\Tool.h(23,40): warning C4244: 'return': 'const int'에서 'float'(으)로 변환하면서 데이터가 손실될 수 있습니다.
  (소스 파일 '/02_GameObject/Entity/Monster/Boss_IceHound.cpp'을(를) 컴파일하는 중)
  
  Boss_RedHound.cpp
E:\p\DontStarve_WinAPI\DontStarve_WinApi\DontStarve_Client\02_GameObject\Item\Tool\Tool.h(23,40): warning C4244: 'return': 'const int'에서 'float'(으)로 변환하면서 데이터가 손실될 수 있습니다.
  (소스 파일 '/02_GameObject/Entity/Monster/Boss_RedHound.cpp'을(를) 컴파일하는 중)
  
  Boss_SpiderQueen.cpp
E:\p\DontStarve_WinAPI\DontStarve_WinApi\DontStarve_Client\02_GameObject\Item\Tool\Tool.h(23,40): warning C4244: 'return': 'const int'에서 'float'(으)로 변환하면서 데이터가 손실될 수 있습니다.
  (소스 파일 '/02_GameObject/Entity/Monster/Boss_SpiderQueen.cpp'을(를) 컴파일하는 중)
  
  Hound.cpp
E:\p\DontStarve_WinAPI\DontStarve_WinApi\DontStarve_Client\02_GameObject\Item\Tool\Tool.h(23,40): warning C4244: 'return': 'const int'에서 'float'(으)로 변환하면서 데이터가 손실될 수 있습니다.
  (소스 파일 '/02_GameObject/Entity/Monster/Hound.cpp'을(를) 컴파일하는 중)
  
  Pig.cpp
E:\p\DontStarve_WinAPI\DontStarve_WinApi\DontStarve_Client\02_GameObject\Item\Tool\Tool.h(23,40): warning C4244: 'return': 'const int'에서 'float'(으)로 변환하면서 데이터가 손실될 수 있습니다.
  (소스 파일 '/02_GameObject/Entity/Monster/Pig.cpp'을(를) 컴파일하는 중)
  
  Spider.cpp
E:\p\DontStarve_WinAPI\DontStarve_WinApi\DontStarve_Client\02_GameObject\Item\Tool\Tool.h(23,40): warning C4244: 'return': 'const int'에서 'float'(으)로 변환하면서 데이터가 손실될 수 있습니다.
  (소스 파일 '/02_GameObject/Entity/Monster/Spider.cpp'을(를) 컴파일하는 중)
  
  Player.cpp
E:\p\DontStarve_WinAPI\DontStarve_WinApi\DontStarve_Client\02_GameObject\Item\Tool\Tool.h(23,40): warning C4244: 'return': 'const int'에서 'float'(으)로 변환하면서 데이터가 손실될 수 있습니다.
  (소스 파일 '/02_GameObject/Entity/Player/Player.cpp'을(를) 컴파일하는 중)
  
  코드를 생성하고 있습니다...
  DontStarve_Client.vcxproj -> E:\p\DontStarve_WinAPI\DontStarve_WinApi\Build\DontStarve_Client.exe
