c:\users\seif4\documents\github\dontstarve_winapi\dontstarve_winapi\dontstarve_client\x64\debug\animationclip.obj
c:\users\seif4\documents\github\dontstarve_winapi\dontstarve_winapi\dontstarve_client\x64\debug\animator.obj
c:\users\seif4\documents\github\dontstarve_winapi\dontstarve_winapi\dontstarve_client\x64\debug\axe.obj
c:\users\seif4\documents\github\dontstarve_winapi\dontstarve_winapi\dontstarve_client\x64\debug\berrybush.obj
c:\users\seif4\documents\github\dontstarve_winapi\dontstarve_winapi\dontstarve_client\x64\debug\boss_hound.obj
c:\users\seif4\documents\github\dontstarve_winapi\dontstarve_winapi\dontstarve_client\x64\debug\boss_spiderqueen.obj
c:\users\seif4\documents\github\dontstarve_winapi\dontstarve_winapi\dontstarve_client\x64\debug\building.obj
c:\users\seif4\documents\github\dontstarve_winapi\dontstarve_winapi\dontstarve_client\x64\debug\cameramanager.obj
c:\users\seif4\documents\github\dontstarve_winapi\dontstarve_winapi\dontstarve_client\x64\debug\characterselectscene.obj
c:\users\seif4\documents\github\dontstarve_winapi\dontstarve_winapi\dontstarve_client\x64\debug\client.obj
c:\users\seif4\documents\github\dontstarve_winapi\dontstarve_winapi\dontstarve_client\x64\debug\collidermanager.obj
c:\users\seif4\documents\github\dontstarve_winapi\dontstarve_winapi\dontstarve_client\x64\debug\dontstarve_maingame.obj
c:\users\seif4\documents\github\dontstarve_winapi\dontstarve_winapi\dontstarve_client\x64\debug\entity.obj
c:\users\seif4\documents\github\dontstarve_winapi\dontstarve_winapi\dontstarve_client\x64\debug\gameobject.obj
c:\users\seif4\documents\github\dontstarve_winapi\dontstarve_winapi\dontstarve_client\x64\debug\gamescene.obj
c:\users\seif4\documents\github\dontstarve_winapi\dontstarve_winapi\dontstarve_client\x64\debug\graphicsmanager.obj
c:\users\seif4\documents\github\dontstarve_winapi\dontstarve_winapi\dontstarve_client\x64\debug\grass.obj
c:\users\seif4\documents\github\dontstarve_winapi\dontstarve_winapi\dontstarve_client\x64\debug\hound.obj
c:\users\seif4\documents\github\dontstarve_winapi\dontstarve_winapi\dontstarve_client\x64\debug\ingredient.obj
c:\users\seif4\documents\github\dontstarve_winapi\dontstarve_winapi\dontstarve_client\x64\debug\inputmanager.obj
c:\users\seif4\documents\github\dontstarve_winapi\dontstarve_winapi\dontstarve_client\x64\debug\inventory.obj
c:\users\seif4\documents\github\dontstarve_winapi\dontstarve_winapi\dontstarve_client\x64\debug\item.obj
c:\users\seif4\documents\github\dontstarve_winapi\dontstarve_winapi\dontstarve_client\x64\debug\monster.obj
c:\users\seif4\documents\github\dontstarve_winapi\dontstarve_winapi\dontstarve_client\x64\debug\objectmanager.obj
c:\users\seif4\documents\github\dontstarve_winapi\dontstarve_winapi\dontstarve_client\x64\debug\pch.obj
c:\users\seif4\documents\github\dontstarve_winapi\dontstarve_winapi\dontstarve_client\x64\debug\pig.obj
c:\users\seif4\documents\github\dontstarve_winapi\dontstarve_winapi\dontstarve_client\x64\debug\pighouse.obj
c:\users\seif4\documents\github\dontstarve_winapi\dontstarve_winapi\dontstarve_client\x64\debug\rendermanager.obj
c:\users\seif4\documents\github\dontstarve_winapi\dontstarve_winapi\dontstarve_client\x64\debug\resourcemanager.obj
c:\users\seif4\documents\github\dontstarve_winapi\dontstarve_winapi\dontstarve_client\x64\debug\rock.obj
c:\users\seif4\documents\github\dontstarve_winapi\dontstarve_winapi\dontstarve_client\x64\debug\sapling.obj
c:\users\seif4\documents\github\dontstarve_winapi\dontstarve_winapi\dontstarve_client\x64\debug\scenemanager.obj
c:\users\seif4\documents\github\dontstarve_winapi\dontstarve_winapi\dontstarve_client\x64\debug\spider.obj
c:\users\seif4\documents\github\dontstarve_winapi\dontstarve_winapi\dontstarve_client\x64\debug\spideregg.obj
c:\users\seif4\documents\github\dontstarve_winapi\dontstarve_winapi\dontstarve_client\x64\debug\spritesheet.obj
c:\users\seif4\documents\github\dontstarve_winapi\dontstarve_winapi\dontstarve_client\x64\debug\timemanager.obj
c:\users\seif4\documents\github\dontstarve_winapi\dontstarve_winapi\dontstarve_client\x64\debug\titlescene.obj
c:\users\seif4\documents\github\dontstarve_winapi\dontstarve_winapi\dontstarve_client\x64\debug\tool.obj
c:\users\seif4\documents\github\dontstarve_winapi\dontstarve_winapi\dontstarve_client\x64\debug\tree.obj
c:\users\seif4\documents\github\dontstarve_winapi\dontstarve_winapi\dontstarve_client\x64\debug\uibutton.obj
c:\users\seif4\documents\github\dontstarve_winapi\dontstarve_winapi\dontstarve_client\x64\debug\uiimage.obj
c:\users\seif4\documents\github\dontstarve_winapi\dontstarve_winapi\dontstarve_client\x64\debug\uimanager.obj
c:\users\seif4\documents\github\dontstarve_winapi\dontstarve_winapi\dontstarve_client\x64\debug\vc143.idb
c:\users\seif4\documents\github\dontstarve_winapi\dontstarve_winapi\dontstarve_client\x64\debug\vc143.pdb
c:\users\seif4\documents\github\dontstarve_winapi\dontstarve_winapi\dontstarve_client\x64\debug\dontstar.b1cdf405.tlog\cl.command.1.tlog
