c:\users\seif4\documents\github\dontstarve_winapi\dontstarve_winapi\dontstarve_editor\x64\debug\dontstarve_editor.pch
c:\users\seif4\documents\github\dontstarve_winapi\dontstarve_winapi\dontstarve_editor\x64\debug\vc143.pdb
c:\users\seif4\documents\github\dontstarve_winapi\dontstarve_winapi\dontstarve_editor\x64\debug\vc143.idb
c:\users\seif4\documents\github\dontstarve_winapi\dontstarve_winapi\dontstarve_editor\x64\debug\pch.obj
c:\users\seif4\documents\github\dontstarve_winapi\dontstarve_winapi\dontstarve_editor\x64\debug\dontstarve_editor.obj
c:\users\seif4\documents\github\dontstarve_winapi\dontstarve_winapi\dontstarve_editor\x64\debug\dontstarve_editormain.obj
c:\users\seif4\documents\github\dontstarve_winapi\dontstarve_winapi\x64\debug\dontstarve_editor.exe
c:\users\seif4\documents\github\dontstarve_winapi\dontstarve_winapi\x64\debug\dontstarve_editor.pdb
c:\users\seif4\documents\github\dontstarve_winapi\dontstarve_winapi\dontstarve_editor\x64\debug\dontstarve_editor.res
c:\users\seif4\documents\github\dontstarve_winapi\dontstarve_winapi\dontstarve_editor\x64\debug\dontstarve_editor.ilk
c:\users\seif4\documents\github\dontstarve_winapi\dontstarve_winapi\dontstarve_editor\x64\debug\dontstar.d658040f.tlog\cl.command.1.tlog
c:\users\seif4\documents\github\dontstarve_winapi\dontstarve_winapi\dontstarve_editor\x64\debug\dontstar.d658040f.tlog\cl.items.tlog
c:\users\seif4\documents\github\dontstarve_winapi\dontstarve_winapi\dontstarve_editor\x64\debug\dontstar.d658040f.tlog\cl.read.1.tlog
c:\users\seif4\documents\github\dontstarve_winapi\dontstarve_winapi\dontstarve_editor\x64\debug\dontstar.d658040f.tlog\cl.write.1.tlog
c:\users\seif4\documents\github\dontstarve_winapi\dontstarve_winapi\dontstarve_editor\x64\debug\dontstar.d658040f.tlog\link.command.1.tlog
c:\users\seif4\documents\github\dontstarve_winapi\dontstarve_winapi\dontstarve_editor\x64\debug\dontstar.d658040f.tlog\link.read.1.tlog
c:\users\seif4\documents\github\dontstarve_winapi\dontstarve_winapi\dontstarve_editor\x64\debug\dontstar.d658040f.tlog\link.secondary.1.tlog
c:\users\seif4\documents\github\dontstarve_winapi\dontstarve_winapi\dontstarve_editor\x64\debug\dontstar.d658040f.tlog\link.write.1.tlog
c:\users\seif4\documents\github\dontstarve_winapi\dontstarve_winapi\dontstarve_editor\x64\debug\dontstar.d658040f.tlog\rc.command.1.tlog
c:\users\seif4\documents\github\dontstarve_winapi\dontstarve_winapi\dontstarve_editor\x64\debug\dontstar.d658040f.tlog\rc.read.1.tlog
c:\users\seif4\documents\github\dontstarve_winapi\dontstarve_winapi\dontstarve_editor\x64\debug\dontstar.d658040f.tlog\rc.write.1.tlog
